// Jest Snapshot v1, https://goo.gl/fbAQLP

exports[`renders CircledIconBtn component 1`] = `
<div>
  <button
    class="button"
    type="submit"
  >
    Sign in
    <div
      class="svg__wrap"
    >
      <svg
        fill="currentColor"
        height="1em"
        stroke="currentColor"
        stroke-width="0"
        viewBox="0 0 24 24"
        width="1em"
        xmlns="http://www.w3.org/2000/svg"
      >
        <path
          d="m11.293 17.293 1.414 1.414L19.414 12l-6.707-6.707-1.414 1.414L15.586 11H6v2h9.586z"
        />
      </svg>
    </div>
  </button>
</div>
`;
